// Jest Snapshot v1, https://goo.gl/fbAQLP

exports[`Bar should change allow theme overrides 1`] = `
<div
  className="coz-bar-wrapper coz-theme-primary"
  style={
    Object {
      "--cozBarThemePrimaryColor": "red",
    }
  }
>
  <div
    id="cozy-bar-modal-dom-place"
  />
  <div
    className="coz-bar-container"
  >
    <button
      className="coz-bar-btn coz-bar-burger"
      data-tutorial="apps-mobile"
      onClick={[Function]}
      type="button"
    >
      <Icon
        color="currentColor"
        height={16}
        icon={[Function]}
        spin={false}
        width={16}
      />
      <span
        className="coz-bar-hidden"
      >
        drawer
      </span>
    </button>
    <Apps />
    <div
      className="u-flex-grow"
    />
    <Connect(Settings) />
    <Connect(Drawer)
      drawerListener={[Function]}
      onClose={[Function]}
      visible={false}
    />
  </div>
</div>
`;
