// Jest Snapshot v1, https://goo.gl/fbAQLP

exports[`The bar library should render correctly the cozy-bar 1`] = `
<Provider
  store={
    BarStore {
      "claudyActions": null,
      "helpLink": "",
      "settingsAppURL": "",
      "settingsData": null,
    }
  }
>
  <Provider
    store={
      Object {
        "dispatch": [Function],
        "getState": [Function],
        "replaceReducer": [Function],
        "subscribe": [Function],
        Symbol(Symbol.observable): [Function],
      }
    }
  >
    <Connect(I18n)
      dictRequire={[Function]}
    >
      <Wrapper
        appEditor="cozy"
        appName="test-app"
        displayOnMobile={true}
        iconPath=""
        isPublic={false}
        onDrawer={[Function]}
        onLogOut={undefined}
        renewToken={null}
        replaceTitleOnMobile={false}
        userActionRequired={undefined}
      />
    </Connect(I18n)>
  </Provider>
</Provider>
`;
